<html>
<body>
<pre>
<h1>µVision Build Log</h1>
<h2>Project:</h2>
C:\Users\Student\Desktop\Wierzbinka-20210310T104632Z-001\Wierzbinka\4\projekt_4.uvproj
Project File Date:  03/10/2021

<h2>Output:</h2>
Build target 'Target 1'
assembling Startup.s...
compiling main.c...
main.c(4): error:  #29: expected an expression
main.c(4): error:  #20: identifier "i" is undefined
".\projekt_4.axf" - 2 Errors, 0 Warning(s).
Target not created
Build target 'Target 1'
compiling main.c...
main.c(4): error:  #29: expected an expression
main.c(4): error:  #20: identifier "i" is undefined
main.c(4): error:  #18: expected a ")"
".\projekt_4.axf" - 3 Errors, 0 Warning(s).
Target not created
Build target 'Target 1'
compiling main.c...
main.c(4): error:  #29: expected an expression
main.c(4): error:  #20: identifier "i" is undefined
".\projekt_4.axf" - 2 Errors, 0 Warning(s).
Target not created
Build target 'Target 1'
compiling main.c...
linking...
Program Size: Code=784 RO-data=16 RW-data=0 ZI-data=1256  
FromELF: creating hex file...
".\projekt_4.axf" - 0 Errors, 0 Warning(s).
Build target 'Target 1'
compiling main.c...
linking...
Program Size: Code=784 RO-data=16 RW-data=0 ZI-data=1256  
FromELF: creating hex file...
".\projekt_4.axf" - 0 Errors, 0 Warning(s).
Build target 'Target 1'
compiling main.c...
linking...
Program Size: Code=784 RO-data=16 RW-data=0 ZI-data=1256  
FromELF: creating hex file...
".\projekt_4.axf" - 0 Errors, 0 Warning(s).
Clean started: Project: 'projekt_4'
   deleting intermediate output files for target 'Target 1'
