<html>
<body>
<pre>
<h1>µVision Build Log</h1>
<h2>Project:</h2>
C:\Users\student\Desktop\4_GPIO\25\25.uvproj
Project File Date:  04/13/2021

<h2>Output:</h2>
Build target 'Target 1'
linking...
Program Size: Code=1348 RO-data=32 RW-data=4 ZI-data=1260  
FromELF: creating hex file...
".\25.axf" - 0 Errors, 0 Warning(s).
Build target 'Target 1'
compiling main.c...
linking...
Program Size: Code=1340 RO-data=32 RW-data=4 ZI-data=1260  
FromELF: creating hex file...
".\25.axf" - 0 Errors, 0 Warning(s).
Build target 'Target 1'
compiling main.c...
linking...
Program Size: Code=1348 RO-data=32 RW-data=4 ZI-data=1260  
FromELF: creating hex file...
".\25.axf" - 0 Errors, 0 Warning(s).
Build target 'Target 1'
compiling main.c...
linking...
Program Size: Code=1284 RO-data=32 RW-data=4 ZI-data=1260  
FromELF: creating hex file...
".\25.axf" - 0 Errors, 0 Warning(s).
Build target 'Target 1'
compiling main.c...
linking...
Program Size: Code=1296 RO-data=32 RW-data=4 ZI-data=1260  
FromELF: creating hex file...
".\25.axf" - 0 Errors, 0 Warning(s).
Build target 'Target 1'
compiling main.c...
linking...
Program Size: Code=1288 RO-data=32 RW-data=4 ZI-data=1260  
FromELF: creating hex file...
".\25.axf" - 0 Errors, 0 Warning(s).
Build target 'Target 1'
compiling main.c...
linking...
Program Size: Code=1256 RO-data=32 RW-data=4 ZI-data=1260  
FromELF: creating hex file...
".\25.axf" - 0 Errors, 0 Warning(s).
Build target 'Target 1'
compiling main.c...
main.c(92): warning:  #111-D: statement is unreachable
linking...
Program Size: Code=1220 RO-data=32 RW-data=4 ZI-data=1260  
FromELF: creating hex file...
".\25.axf" - 0 Errors, 1 Warning(s).
Build target 'Target 1'
compiling main.c...
linking...
Program Size: Code=1248 RO-data=32 RW-data=4 ZI-data=1260  
FromELF: creating hex file...
".\25.axf" - 0 Errors, 0 Warning(s).
Build target 'Target 1'
compiling main.c...
main.c(136): warning:  #111-D: statement is unreachable
linking...
Program Size: Code=1296 RO-data=32 RW-data=4 ZI-data=1260  
FromELF: creating hex file...
".\25.axf" - 0 Errors, 1 Warning(s).
Build target 'Target 1'
compiling main.c...
main.c(138): warning:  #111-D: statement is unreachable
linking...
Program Size: Code=1296 RO-data=32 RW-data=4 ZI-data=1260  
FromELF: creating hex file...
".\25.axf" - 0 Errors, 1 Warning(s).
Build target 'Target 1'
compiling main.c...
linking...
Program Size: Code=1300 RO-data=32 RW-data=4 ZI-data=1260  
FromELF: creating hex file...
".\25.axf" - 0 Errors, 0 Warning(s).
