<html>
<body>
<pre>
<h1>µVision Build Log</h1>
<h2>Project:</h2>
C:\Users\Student\Desktop\Wierzbinka-20210310T104632Z-001\Wierzbinka\3\projekt_3.uvproj
Project File Date:  03/10/2021

<h2>Output:</h2>
Build target 'Target 1'
assembling Startup.s...
compiling main.c...
main.c(9): warning:  #1-D: last line of file ends without a newline
linking...
Program Size: Code=752 RO-data=16 RW-data=0 ZI-data=1256  
FromELF: creating hex file...
".\projekt_3.axf" - 0 Errors, 1 Warning(s).
Build target 'Target 1'
compiling main.c...
linking...
Program Size: Code=752 RO-data=16 RW-data=0 ZI-data=1256  
FromELF: creating hex file...
".\projekt_3.axf" - 0 Errors, 0 Warning(s).
Build target 'Target 1'
compiling main.c...
linking...
Program Size: Code=764 RO-data=16 RW-data=0 ZI-data=1256  
FromELF: creating hex file...
".\projekt_3.axf" - 0 Errors, 0 Warning(s).
Build target 'Target 1'
compiling main.c...
linking...
Program Size: Code=752 RO-data=16 RW-data=0 ZI-data=1256  
FromELF: creating hex file...
".\projekt_3.axf" - 0 Errors, 0 Warning(s).
Clean started: Project: 'projekt_3'
   deleting intermediate output files for target 'Target 1'
