<html>
<body>
<pre>
<h1>µVision Build Log</h1>
<h2>Project:</h2>
D:\OneDrive - Akademia Górniczo-Hutnicza im. Stanis³awa Staszica w Krakowie\projekty\11.03\Projects\Current\Lipinski.uvproj
Project File Date:  05/21/2021

<h2>Output:</h2>
Rebuild target 'Target 1'
compiling led.c...
assembling Startup.s...
compiling keyboard.c...
compiling main.c...
uart.h(2): warning:  #1-D: last line of file ends without a newline
compiling timer.c...
compiling timer_interrupts.c...
compiling servo.c...
compiling uart.c...
uart.h(2): warning:  #1-D: last line of file ends without a newline
uart.c(63): warning:  #1-D: last line of file ends without a newline
linking...
Program Size: Code=3624 RO-data=32 RW-data=8 ZI-data=1272  
FromELF: creating hex file...
".\Lipinski.axf" - 0 Errors, 3 Warning(s).
Rebuild target 'Target 1'
compiling led.c...
assembling Startup.s...
compiling keyboard.c...
compiling main.c...
compiling timer.c...
compiling timer_interrupts.c...
compiling servo.c...
compiling uart.c...
linking...
Program Size: Code=3624 RO-data=32 RW-data=8 ZI-data=1272  
FromELF: creating hex file...
".\Lipinski.axf" - 0 Errors, 0 Warning(s).
Rebuild target 'Target 1'
compiling led.c...
assembling Startup.s...
compiling keyboard.c...
compiling main.c...
compiling timer.c...
compiling timer_interrupts.c...
compiling servo.c...
compiling uart.c...
linking...
Program Size: Code=3624 RO-data=32 RW-data=8 ZI-data=1272  
FromELF: creating hex file...
".\Lipinski.axf" - 0 Errors, 0 Warning(s).
Rebuild target 'Target 1'
compiling led.c...
assembling Startup.s...
compiling keyboard.c...
compiling main.c...
compiling timer.c...
compiling timer_interrupts.c...
compiling servo.c...
compiling uart.c...
linking...
Program Size: Code=4024 RO-data=32 RW-data=12 ZI-data=1268  
FromELF: creating hex file...
".\Lipinski.axf" - 0 Errors, 0 Warning(s).
Rebuild target 'Target 1'
compiling led.c...
assembling Startup.s...
compiling keyboard.c...
compiling main.c...
compiling timer.c...
compiling timer_interrupts.c...
compiling servo.c...
compiling uart.c...
linking...
Program Size: Code=4024 RO-data=32 RW-data=12 ZI-data=1268  
FromELF: creating hex file...
".\Lipinski.axf" - 0 Errors, 0 Warning(s).
Rebuild target 'Target 1'
compiling led.c...
assembling Startup.s...
compiling keyboard.c...
compiling main.c...
compiling timer.c...
compiling timer_interrupts.c...
compiling servo.c...
compiling uart.c...
linking...
Program Size: Code=4172 RO-data=32 RW-data=12 ZI-data=1268  
FromELF: creating hex file...
".\Lipinski.axf" - 0 Errors, 0 Warning(s).
Rebuild target 'Target 1'
compiling led.c...
assembling Startup.s...
compiling keyboard.c...
compiling main.c...
compiling timer.c...
compiling timer_interrupts.c...
compiling servo.c...
compiling uart.c...
linking...
Program Size: Code=4172 RO-data=32 RW-data=12 ZI-data=1268  
FromELF: creating hex file...
".\Lipinski.axf" - 0 Errors, 0 Warning(s).
Rebuild target 'Target 1'
compiling led.c...
assembling Startup.s...
compiling keyboard.c...
compiling main.c...
compiling timer.c...
compiling timer_interrupts.c...
compiling servo.c...
compiling uart.c...
linking...
Program Size: Code=4172 RO-data=32 RW-data=12 ZI-data=1268  
FromELF: creating hex file...
".\Lipinski.axf" - 0 Errors, 0 Warning(s).
Rebuild target 'Target 1'
compiling led.c...
assembling Startup.s...
compiling keyboard.c...
compiling main.c...
compiling timer.c...
compiling timer_interrupts.c...
compiling servo.c...
compiling uart.c...
linking...
Program Size: Code=4176 RO-data=32 RW-data=12 ZI-data=1268  
FromELF: creating hex file...
".\Lipinski.axf" - 0 Errors, 0 Warning(s).
Rebuild target 'Target 1'
compiling led.c...
assembling Startup.s...
compiling keyboard.c...
compiling main.c...
compiling timer.c...
compiling timer_interrupts.c...
compiling servo.c...
compiling uart.c...
linking...
Program Size: Code=4176 RO-data=32 RW-data=12 ZI-data=1268  
FromELF: creating hex file...
".\Lipinski.axf" - 0 Errors, 0 Warning(s).
