<html>
<body>
<pre>
<h1>µVision Build Log</h1>
<h2>Project:</h2>
C:\Users\filip\Desktop\8_Przerwania\3\przerwania_3.uvproj
Project File Date:  05/26/2021

<h2>Output:</h2>
Build target 'Target 1'
compiling main.c...
linking...
Program Size: Code=1220 RO-data=32 RW-data=8 ZI-data=1256  
FromELF: creating hex file...
".\przerwania_3.axf" - 0 Errors, 0 Warning(s).
Build target 'Target 1'
compiling main.c...
linking...
Program Size: Code=1224 RO-data=32 RW-data=8 ZI-data=1256  
FromELF: creating hex file...
".\przerwania_3.axf" - 0 Errors, 0 Warning(s).
